[html.dynamiclayers.net/it/enros/index04b9.html]
[backblue.gif]
[fade.gif]
[index.html]
[html.dynamiclayers.net/it/enros/img/favicon.png]
[html.dynamiclayers.net/it/enros/js/vendor/modernizr-2.8.3-respond-1.4.2.min.js]
[html.dynamiclayers.net/it/enros/img/preloader.gif]
[html.dynamiclayers.net/it/enros/img/logo-dark.png]
[html.dynamiclayers.net/it/enros/img/hero-img.png]
[html.dynamiclayers.net/it/enros/img/icon-1.png]
[html.dynamiclayers.net/it/enros/img/icon-2.png]
[html.dynamiclayers.net/it/enros/img/icon-3.png]
[html.dynamiclayers.net/it/enros/img/content-1.png]
[html.dynamiclayers.net/it/enros/img/icon-4.png]
[html.dynamiclayers.net/it/enros/img/icon-5.png]
[html.dynamiclayers.net/it/enros/img/icon-6.png]
[html.dynamiclayers.net/it/enros/img/content-2.png]
[html.dynamiclayers.net/it/enros/img/testi-1.jpg]
[html.dynamiclayers.net/it/enros/img/testi-2.jpg]
[html.dynamiclayers.net/it/enros/img/testi-3.jpg]
[html.dynamiclayers.net/it/enros/img/appstore.png]
[html.dynamiclayers.net/it/enros/img/playstore.png]
[html.dynamiclayers.net/it/enros/img/partner1.jpg]
[html.dynamiclayers.net/it/enros/img/partner2.jpg]
[html.dynamiclayers.net/it/enros/img/partner3.jpg]
[html.dynamiclayers.net/it/enros/img/partner4.jpg]
[html.dynamiclayers.net/it/enros/img/partner5.jpg]
[html.dynamiclayers.net/it/enros/img/partner6.jpg]
[html.dynamiclayers.net/it/enros/js/vendor/jquery-1.12.4.min.js]
[html.dynamiclayers.net/it/enros/js/vendor/bootstrap.min.js]
[html.dynamiclayers.net/it/enros/js/vendor/tether.min.js]
[html.dynamiclayers.net/it/enros/js/vendor/jquery.slicknav.min.js]
[html.dynamiclayers.net/it/enros/js/vendor/owl.carousel.min.js]
[html.dynamiclayers.net/it/enros/js/vendor/smooth-scroll.min.js]
[html.dynamiclayers.net/it/enros/js/vendor/jquery.ajaxchimp.min.js]
[html.dynamiclayers.net/it/enros/js/vendor/wow.min.js]
[html.dynamiclayers.net/it/enros/js/main.js]
[html.dynamiclayers.net/it/enros/index04b9.html]
[html.dynamiclayers.net/it/enros/fonts/fontawesome-webfont3e6e.eot]
[html.dynamiclayers.net/it/enros/fonts/fontawesome-webfontd41d.eot]
[html.dynamiclayers.net/it/enros/fonts/fontawesome-webfont3e6e.woff2]
[html.dynamiclayers.net/it/enros/fonts/fontawesome-webfont3e6e.woff]
[html.dynamiclayers.net/it/enros/fonts/fontawesome-webfont3e6e.ttf]
[html.dynamiclayers.net/it/enros/css/font-awesome.min.css]
[html.dynamiclayers.net/it/enros/fonts/themify9f24.eot]
[html.dynamiclayers.net/it/enros/fonts/themifyd41d.eot]
[html.dynamiclayers.net/it/enros/fonts/themify9f24.woff]
[html.dynamiclayers.net/it/enros/fonts/themify9f24.ttf]
[html.dynamiclayers.net/it/enros/css/themify-icons.css]
[html.dynamiclayers.net/it/enros/fonts/ElegantIcons.eot]
[html.dynamiclayers.net/it/enros/fonts/ElegantIconsd41d.eot]
[html.dynamiclayers.net/it/enros/fonts/ElegantIcons.woff]
[html.dynamiclayers.net/it/enros/fonts/ElegantIcons.ttf]
[html.dynamiclayers.net/it/enros/css/elegant-font-icons.css]
[html.dynamiclayers.net/it/enros/fonts/et-line.eot]
[html.dynamiclayers.net/it/enros/fonts/et-lined41d.eot]
[html.dynamiclayers.net/it/enros/fonts/et-line.woff]
[html.dynamiclayers.net/it/enros/fonts/et-line.ttf]
[html.dynamiclayers.net/it/enros/css/elegant-line-icons.css]
[html.dynamiclayers.net/it/enros/css/bootstrap.min.css]
[html.dynamiclayers.net/it/enros/css/slicknav.min.css]
[html.dynamiclayers.net/it/enros/css/animate.min.css]
[html.dynamiclayers.net/it/enros/css/owl.video.play.png]
[html.dynamiclayers.net/it/enros/css/owl.carousel.css]
[html.dynamiclayers.net/it/enros/img/bg-shape-1.png]
[html.dynamiclayers.net/it/enros/img/bg-shape-2.png]
[html.dynamiclayers.net/it/enros/img/working-arows.png]
[html.dynamiclayers.net/it/enros/img/bg-shape-3.png]
[html.dynamiclayers.net/it/enros/img/bg-shape-4.png]
[html.dynamiclayers.net/it/enros/img/download-moc.png]
[html.dynamiclayers.net/it/enros/css/main.css]
[html.dynamiclayers.net/it/enros/css/responsive.css]
[html.dynamiclayers.net/it/enros/fonts/fontawesome-webfont3e6e.svg]
[html.dynamiclayers.net/it/enros/fonts/themify9f24.svg]
[html.dynamiclayers.net/it/enros/fonts/ElegantIcons.svg]
[html.dynamiclayers.net/it/enros/fonts/et-line.svg]
[html.dynamiclayers.net/it/enros/css/owl.video.play.html]
